********************************************************************************
Probe Values Report, written on Wed Oct 23 16:19:49 2024

Source
-------

   ODB: C:/temp/quad-quad-2.odb
   Step: step-1
   Frame: Increment      1: Step Time =    1.000
   Variable: U, Magnitude

Probe values reported at nodes

  Part Instance     Node ID                     Orig. Coords                                       Def. Coords                   
                                    X                Y                Z                X                Y                Z       
-------------------------------------------------------------------------------------------------------------------------------
      OSSO-4          13          25.2539         -15.0587               0.          25.2559         -15.0603               0.
      OSSO-4          17          28.9005          7.19905               0.          28.9044          7.19728               0.
      OSSO-4          30          14.2395          43.8071               0.          14.2449           43.806               0.
      OSSO-4          54         -3.61857         -24.8145               0.         -3.61748          -24.814               0.


  Part Instance     Node ID  Attached elements     U, Magnitude
----------------------------------------------------------------
      OSSO-4          13               59       2.5836E-03
      OSSO-4          13              372       2.5836E-03
      OSSO-4          17              373       4.2153E-03
      OSSO-4          17              441       4.2153E-03
      OSSO-4          30              128      5.55439E-03
      OSSO-4          30              377      5.55439E-03
      OSSO-4          54              209      1.20494E-03
      OSSO-4          54              397      1.20494E-03


