********************************************************************************
Probe Values Report, written on Wed Oct 23 13:22:59 2024

Source
-------

   ODB: C:/temp/quadlin-10.odb
   Step: step-1
   Frame: Increment      1: Step Time =    1.000
   Variable: U, Magnitude

Probe values reported at nodes

  Part Instance     Node ID                     Orig. Coords                                       Def. Coords                   
                                    X                Y                Z                X                Y                Z       
-------------------------------------------------------------------------------------------------------------------------------
      OSSO-4           3          25.2539         -15.0587               0.           25.256         -15.0604               0.
      OSSO-4           4          28.9005          7.19905               0.          28.9046          7.19705               0.
      OSSO-4          10          14.2395          43.8071               0.          14.2455          43.8059               0.
      OSSO-4          24         -3.61857         -24.8145               0.         -3.61748          -24.814               0.


  Part Instance     Node ID  Attached elements     U, Magnitude
----------------------------------------------------------------
      OSSO-4           3               22       2.7428E-03
      OSSO-4           3               38       2.7428E-03
      OSSO-4           4               52      4.51393E-03
      OSSO-4           4               58      4.51393E-03
      OSSO-4          10               10       6.1508E-03
      OSSO-4          10               11       6.1508E-03
      OSSO-4          24                4       1.2179E-03
      OSSO-4          24               28       1.2179E-03


