********************************************************************************
Probe Values Report, written on Wed Oct 23 15:59:16 2024

Source
-------

   ODB: C:/temp/tri-quad-5.odb
   Step: step-1
   Frame: Increment      1: Step Time =    1.000
   Variable: U, Magnitude

Probe values reported at nodes

  Part Instance     Node ID                     Orig. Coords                                       Def. Coords                   
                                    X                Y                Z                X                Y                Z       
-------------------------------------------------------------------------------------------------------------------------------
      OSSO-4           3          25.2539         -15.0587               0.          25.2559         -15.0602               0.
      OSSO-4           4          28.9005          7.19905               0.          28.9044          7.19728               0.
      OSSO-4          11          14.2395          43.8071               0.          14.2449           43.806               0.
      OSSO-4          31         -3.61857         -24.8145               0.         -3.61749          -24.814               0.


  Part Instance     Node ID  Attached elements     U, Magnitude
----------------------------------------------------------------
      OSSO-4           3               38      2.57335E-03
      OSSO-4           3              130      2.57335E-03
      OSSO-4           3              149      2.57335E-03
      OSSO-4           4               97      4.20032E-03
      OSSO-4           4              136      4.20032E-03
      OSSO-4           4              138      4.20032E-03
      OSSO-4          11               11      5.53211E-03
      OSSO-4          11              147      5.53211E-03
      OSSO-4          11              278      5.53211E-03
      OSSO-4          31              125      1.19777E-03
      OSSO-4          31              244      1.19777E-03
      OSSO-4          31              416      1.19777E-03


