********************************************************************************
Probe Values Report, written on Thu Oct 24 14:13:34 2024

Source
-------

   ODB: C:/temp/quad-quad-10.odb
   Step: step-1
   Frame: Increment      1: Step Time =    1.000
   Variable: U, Magnitude

Probe values reported at nodes

  Part Instance     Node ID            Orig. Coords                     Def. Coords          
                                 X          Y          Z          X          Y          Z    
-------------------------------------------------------------------------------------------
    ASSEMBLY           1        -6.        42.        0.0        -6.        42.        0.0
    ASSEMBLY           2        30.        37.        0.0        30.        37.        0.0
    ASSEMBLY           3         7.        18.        0.0         7.        18.        0.0
      OSSO-4           1        -4.       -42.        0.0        -4.       -42.        0.0
      OSSO-4           2        22.       -42.        0.0        22.       -42.        0.0
      OSSO-4           3        25.       -15.        0.0        25.       -15.        0.0
      OSSO-4           4        29.         7.        0.0        29.         7.        0.0
      OSSO-4           5        31.        18.        0.0        31.        18.        0.0
      OSSO-4           6        33.        29.        0.0        33.        29.        0.0
      OSSO-4           7        32.        34.        0.0        32.        34.        0.0
      OSSO-4           8        28.        38.        0.0        28.        38.        0.0
      OSSO-4           9        21.        41.        0.0        21.        41.        0.0
      OSSO-4          10        14.        44.        0.0        14.        44.        0.0
      OSSO-4          11         5.        45.        0.0         5.        45.        0.0
      OSSO-4          12        -4.        43.        0.0        -4.        43.        0.0
      OSSO-4          13        -8.        41.        0.0        -8.        41.        0.0
      OSSO-4          14       -15.        34.        0.0       -15.        34.        0.0
      OSSO-4          15       -18.        26.        0.0       -18.        26.        0.0
      OSSO-4          16       -19.        17.        0.0       -19.        17.        0.0
      OSSO-4          17       -17.         8.        0.0       -17.         8.        0.0
      OSSO-4          18       -14.         4.        0.0       -14.         4.        0.0
      OSSO-4          19       -10.         2.        0.0       -10.         2.        0.0
      OSSO-4          20        -7.        -1.        0.0        -7.        -1.        0.0
      OSSO-4          21        -6.        -4.        0.0        -6.        -4.        0.0
      OSSO-4          22        -6.        -7.        0.0        -6.        -7.        0.0
      OSSO-4          23        -4.       -14.        0.0        -4.       -14.        0.0
      OSSO-4          24        -4.       -25.        0.0        -4.       -25.        0.0
      OSSO-4          25         5.       -42.        0.0         5.       -42.        0.0
      OSSO-4          26        14.       -42.        0.0        14.       -42.        0.0
      OSSO-4          27        23.       -33.        0.0        23.       -33.        0.0
      OSSO-4          28        24.       -24.        0.0        24.       -24.        0.0
      OSSO-4          29        27.        -4.        0.0        27.        -4.        0.0
      OSSO-4          30        -4.       -34.        0.0        -4.       -34.        0.0
      OSSO-4          31        -3.         1.        0.0        -3.         1.        0.0
      OSSO-4          32         2.        -6.        0.0         2.        -6.        0.0
      OSSO-4          33        -4.         5.        0.0        -4.         5.        0.0
      OSSO-4          34        -3.        33.        0.0        -3.        33.        0.0
      OSSO-4          35        -8.         9.        0.0        -8.         9.        0.0
      OSSO-4          36  -345.E-03         3.        0.0  -341.E-03         3.        0.0
      OSSO-4          37         2.         1.        0.0         2.         1.        0.0
      OSSO-4          38        17.        37.        0.0        17.        37.        0.0
      OSSO-4          39        21.        34.        0.0        21.        34.        0.0
      OSSO-4          40         8.         5.        0.0         8.         5.        0.0
      OSSO-4          41         6.  -850.E-03        0.0         6.  -850.E-03        0.0
      OSSO-4          42        24.        31.        0.0        24.        31.        0.0
      OSSO-4          43        19.        28.        0.0        19.        28.        0.0
      OSSO-4          44        11.        34.        0.0        11.        34.        0.0
      OSSO-4          45         4.         5.        0.0         4.         5.        0.0
      OSSO-4          46        15.        31.        0.0        15.        31.        0.0
      OSSO-4          47  -224.E-03         6.        0.0  -221.E-03         6.        0.0
      OSSO-4          48         5.       -33.        0.0         5.       -33.        0.0
      OSSO-4          49       -14.        17.        0.0       -14.        17.        0.0
      OSSO-4          50       -12.        23.        0.0       -12.        23.        0.0
      OSSO-4          51        16.       -14.        0.0        16.       -14.        0.0
      OSSO-4          52        15.       -24.        0.0        15.       -24.        0.0
      OSSO-4          53   529.E-03        10.        0.0   533.E-03        10.        0.0
      OSSO-4          54         7.        11.        0.0         7.        11.        0.0
      OSSO-4          55         6.        31.        0.0         6.        31.        0.0
      OSSO-4          56        11.        -3.        0.0        11.        -3.        0.0
      OSSO-4          57        13.         5.        0.0        13.         5.        0.0
      OSSO-4          58        13.        12.        0.0        13.        12.        0.0
      OSSO-4          59        -8.        13.        0.0        -8.        13.        0.0
      OSSO-4          60        21.         6.        0.0        21.         6.        0.0
      OSSO-4          61         6.       -12.        0.0         6.       -12.        0.0
      OSSO-4          62         1.        29.        0.0         1.        29.        0.0
      OSSO-4          63        19.        25.        0.0        19.        25.        0.0
      OSSO-4          64        10.        25.        0.0        10.        25.        0.0
      OSSO-4          65        -8.        29.        0.0        -8.        29.        0.0
      OSSO-4          66        -6.        19.        0.0        -6.        19.        0.0
      OSSO-4          67        11.        18.        0.0        11.        18.        0.0
      OSSO-4          68         6.       -24.        0.0         6.       -24.        0.0
      OSSO-4          69         3.        16.        0.0         3.        16.        0.0
      OSSO-4          70        19.        19.        0.0        19.        19.        0.0
      OSSO-4          71   150.E-03        23.        0.0   155.E-03        23.        0.0
      OSSO-4          72        21.        14.        0.0        21.        14.        0.0
      OSSO-4          73        14.       -33.        0.0        14.       -33.        0.0
      OSSO-4          74        -1.        -2.        0.0        -1.        -2.        0.0
      OSSO-4          75        19.        -4.        0.0        19.        -4.        0.0
      OSSO-4          76        -4.        10.        0.0        -4.        10.        0.0
      OSSO-4          77       -12.        10.        0.0       -12.        10.        0.0
      OSSO-4          78       -14.        11.        0.0       -14.        11.        0.0
      OSSO-4          79         2.        36.        0.0         2.        36.        0.0
      OSSO-4          80         8.        39.        0.0         8.        39.        0.0
      OSSO-4          81        13.        40.        0.0        13.        40.        0.0
      OSSO-4          82        26.        26.        0.0        26.        26.        0.0
      OSSO-4          83        26.        21.        0.0        26.        21.        0.0
      OSSO-4          84       -10.        15.        0.0       -10.        15.        0.0
      OSSO-4          85        -4.        15.        0.0        -4.        15.        0.0
      OSSO-4          86         4.         9.        0.0         4.         9.        0.0
      OSSO-4          87        14.       -38.        0.0        14.       -38.        0.0
      OSSO-4          88        10.       -33.        0.0        10.       -33.        0.0
      OSSO-4          89         5.       -38.        0.0         5.       -38.        0.0
      OSSO-4          90         9.       -42.        0.0         9.       -42.        0.0
      OSSO-4          91   918.E-03       -33.        0.0   918.E-03       -33.        0.0
      OSSO-4          92        -4.       -38.        0.0        -4.       -38.        0.0
      OSSO-4          93   625.E-03       -42.        0.0   625.E-03       -42.        0.0
      OSSO-4          94   172.E-03        -4.        0.0   175.E-03        -4.        0.0
      OSSO-4          95         4.        -3.        0.0         4.        -3.        0.0
      OSSO-4          96         4.   245.E-03        0.0         4.   245.E-03        0.0
      OSSO-4          97   480.E-03  -253.E-03        0.0   483.E-03  -253.E-03        0.0
      OSSO-4          98         1.       -24.        0.0         1.       -24.        0.0
      OSSO-4          99         6.       -18.        0.0         6.       -18.        0.0
      OSSO-4         100         1.       -13.        0.0         1.       -13.        0.0
      OSSO-4         101        -4.       -19.        0.0        -4.       -19.        0.0
      OSSO-4         102   898.E-03         2.        0.0   902.E-03         2.        0.0
      OSSO-4         103        -2.         2.        0.0        -2.         2.        0.0
      OSSO-4         104        -2.  -296.E-03        0.0        -2.  -296.E-03        0.0
      OSSO-4         105        -2.        -6.        0.0        -2.        -6.        0.0
      OSSO-4         106        -5.       -11.        0.0        -5.       -11.        0.0
      OSSO-4         107         4.        -9.        0.0         4.        -9.        0.0
      OSSO-4         108        -5.    -4.E-03        0.0        -5.    -4.E-03        0.0
      OSSO-4         109        -7.        -3.        0.0        -7.        -3.        0.0
      OSSO-4         110        -3.        -3.        0.0        -3.        -3.        0.0
      OSSO-4         111        -4.         3.        0.0        -4.         3.        0.0
      OSSO-4         112        -7.         3.        0.0        -7.         3.        0.0
      OSSO-4         113        -8.   551.E-03        0.0        -8.   552.E-03        0.0
      OSSO-4         114         6.         5.        0.0         6.         5.        0.0
      OSSO-4         115         7.         8.        0.0         7.         8.        0.0
      OSSO-4         116         5.        10.        0.0         5.        10.        0.0
      OSSO-4         117         4.         7.        0.0         4.         7.        0.0
      OSSO-4         118         6.        42.        0.0         6.        42.        0.0
      OSSO-4         119        10.        40.        0.0        10.        40.        0.0
      OSSO-4         120        14.        42.        0.0        14.        42.        0.0
      OSSO-4         121        10.        45.        0.0        10.        45.        0.0
      OSSO-4         122        15.        39.        0.0        15.        39.        0.0
      OSSO-4         123        19.        39.        0.0        19.        39.        0.0
      OSSO-4         124        18.        43.        0.0        18.        43.        0.0
      OSSO-4         125         3.         3.        0.0         3.         3.        0.0
      OSSO-4         126         2.         6.        0.0         2.         6.        0.0
      OSSO-4         127  -285.E-03         4.        0.0  -281.E-03         4.        0.0
      OSSO-4         128       -12.        38.        0.0       -12.        38.        0.0
      OSSO-4         129       -11.        32.        0.0       -11.        32.        0.0
      OSSO-4         130        -5.        31.        0.0        -5.        31.        0.0
      OSSO-4         131        -6.        37.        0.0        -6.        37.        0.0
      OSSO-4         132       -15.        25.        0.0       -15.        25.        0.0
      OSSO-4         133       -10.        26.        0.0       -10.        26.        0.0
      OSSO-4         134       -17.        30.        0.0       -17.        30.        0.0
      OSSO-4         135        -2.         5.        0.0        -2.         5.        0.0
      OSSO-4         136       -11.        12.        0.0       -11.        12.        0.0
      OSSO-4         137       -10.         9.        0.0       -10.         9.        0.0
      OSSO-4         138        -8.        11.        0.0        -8.        11.        0.0
      OSSO-4         139        -9.        14.        0.0        -9.        14.        0.0
      OSSO-4         140       -12.         3.        0.0       -12.         3.        0.0
      OSSO-4         141        -9.         5.        0.0        -9.         5.        0.0
      OSSO-4         142       -13.         7.        0.0       -13.         7.        0.0
      OSSO-4         143        -4.         7.        0.0        -4.         7.        0.0
      OSSO-4         144        -6.         9.        0.0        -6.         9.        0.0
      OSSO-4         145        19.        36.        0.0        19.        36.        0.0
      OSSO-4         146        24.        36.        0.0        24.        36.        0.0
      OSSO-4         147        24.        40.        0.0        24.        40.        0.0
      OSSO-4         148        22.        29.        0.0        22.        29.        0.0
      OSSO-4         149        23.        32.        0.0        23.        32.        0.0
      OSSO-4         150        18.        32.        0.0        18.        32.        0.0
      OSSO-4         151        17.        29.        0.0        17.        29.        0.0
      OSSO-4         152        28.        32.        0.0        28.        32.        0.0
      OSSO-4         153        30.        37.        0.0        30.        37.        0.0
      OSSO-4         154        20.       -24.        0.0        20.       -24.        0.0
      OSSO-4         155        25.       -20.        0.0        25.       -20.        0.0
      OSSO-4         156        21.       -15.        0.0        21.       -15.        0.0
      OSSO-4         157        16.       -19.        0.0        16.       -19.        0.0
      OSSO-4         158        23.       -38.        0.0        23.       -38.        0.0
      OSSO-4         159        19.       -33.        0.0        19.       -33.        0.0
      OSSO-4         160        18.       -42.        0.0        18.       -42.        0.0
      OSSO-4         161        11.       -13.        0.0        11.       -13.        0.0
      OSSO-4         162        10.       -24.        0.0        10.       -24.        0.0
      OSSO-4         163         9.        -2.        0.0         9.        -2.        0.0
      OSSO-4         164        12.   884.E-03        0.0        12.   884.E-03        0.0
      OSSO-4         165        11.         5.        0.0        11.         5.        0.0
      OSSO-4         166         7.         2.        0.0         7.         2.        0.0
      OSSO-4         167        -6.        -5.        0.0        -6.        -5.        0.0
      OSSO-4         168   667.E-03        26.        0.0   672.E-03        26.        0.0
      OSSO-4         169         5.        24.        0.0         5.        24.        0.0
      OSSO-4         170         8.        28.        0.0         8.        28.        0.0
      OSSO-4         171         4.        30.        0.0         4.        30.        0.0
      OSSO-4         172         6.       -28.        0.0         6.       -28.        0.0
      OSSO-4         173        -4.       -29.        0.0        -4.       -29.        0.0
      OSSO-4         174       -19.        13.        0.0       -19.        13.        0.0
      OSSO-4         175       -16.        10.        0.0       -16.        10.        0.0
      OSSO-4         176       -14.        14.        0.0       -14.        14.        0.0
      OSSO-4         177       -17.        17.        0.0       -17.        17.        0.0
      OSSO-4         178  -870.E-03        35.        0.0  -865.E-03        35.        0.0
      OSSO-4         179        -1.        31.        0.0        -1.        31.        0.0
      OSSO-4         180         4.        34.        0.0         4.        34.        0.0
      OSSO-4         181        -6.        42.        0.0        -6.        42.        0.0
      OSSO-4         182        -1.        40.        0.0        -1.        40.        0.0
      OSSO-4         183       -13.        10.        0.0       -13.        10.        0.0
      OSSO-4         184       -12.        16.        0.0       -12.        16.        0.0
      OSSO-4         185        13.         9.        0.0        13.         9.        0.0
      OSSO-4         186        10.        12.        0.0        10.        12.        0.0
      OSSO-4         187        14.        36.        0.0        14.        36.        0.0
      OSSO-4         188        13.        32.        0.0        13.        32.        0.0
      OSSO-4         189        15.        25.        0.0        15.        25.        0.0
      OSSO-4         190        11.        22.        0.0        11.        22.        0.0
      OSSO-4         191        15.        19.        0.0        15.        19.        0.0
      OSSO-4         192        19.        22.        0.0        19.        22.        0.0
      OSSO-4         193        22.        20.        0.0        22.        20.        0.0
      OSSO-4         194        20.        17.        0.0        20.        17.        0.0
      OSSO-4         195        26.        16.        0.0        26.        16.        0.0
      OSSO-4         196        28.        20.        0.0        28.        20.        0.0
      OSSO-4         197        26.        -9.        0.0        26.        -9.        0.0
      OSSO-4         198        23.        -4.        0.0        23.        -4.        0.0
      OSSO-4         199        18.        -9.        0.0        18.        -9.        0.0
      OSSO-4         200        19.        26.        0.0        19.        26.        0.0
      OSSO-4         201        22.        25.        0.0        22.        25.        0.0
      OSSO-4         202        25.        28.        0.0        25.        28.        0.0
      OSSO-4         203        33.        32.        0.0        33.        32.        0.0
      OSSO-4         204        29.        28.        0.0        29.        28.        0.0
      OSSO-4         205         5.        38.        0.0         5.        38.        0.0
      OSSO-4         206         9.        33.        0.0         9.        33.        0.0
      OSSO-4         207         9.        37.        0.0         9.        37.        0.0
      OSSO-4         208        -6.        14.        0.0        -6.        14.        0.0
      OSSO-4         209        -5.        17.        0.0        -5.        17.        0.0
      OSSO-4         210        -8.        17.        0.0        -8.        17.        0.0
      OSSO-4         211        -9.        21.        0.0        -9.        21.        0.0
      OSSO-4         212       -13.        20.        0.0       -13.        20.        0.0
      OSSO-4         213         2.        20.        0.0         2.        20.        0.0
      OSSO-4         214         7.        17.        0.0         7.        17.        0.0
      OSSO-4         215   152.E-03         8.        0.0   156.E-03         8.        0.0
      OSSO-4         216        -2.        10.        0.0        -2.        10.        0.0
      OSSO-4         217        15.       -28.        0.0        15.       -28.        0.0
      OSSO-4         218        24.       -29.        0.0        24.       -29.        0.0
      OSSO-4         219       -19.        22.        0.0       -19.        22.        0.0
      OSSO-4         220        -4.        12.        0.0        -4.        12.        0.0
      OSSO-4         221        -4.        26.        0.0        -4.        26.        0.0
      OSSO-4         222         9.        -8.        0.0         9.        -8.        0.0
      OSSO-4         223        21.        10.        0.0        21.        10.        0.0
      OSSO-4         224        25.         6.        0.0        25.         6.        0.0
      OSSO-4         225        30.        13.        0.0        30.        13.        0.0
      OSSO-4         226         2.         9.        0.0         2.         9.        0.0
      OSSO-4         227         5.        13.        0.0         5.        13.        0.0
      OSSO-4         228         2.        13.        0.0         2.        13.        0.0
      OSSO-4         229        13.        28.        0.0        13.        28.        0.0
      OSSO-4         230        20.   787.E-03        0.0        20.   786.E-03        0.0
      OSSO-4         231        17.         5.        0.0        17.         5.        0.0
      OSSO-4         232        15.        -4.        0.0        15.        -4.        0.0
      OSSO-4         233        17.        13.        0.0        17.        13.        0.0
      OSSO-4         234        12.        15.        0.0        12.        15.        0.0
      OSSO-4         235        28.         2.        0.0        28.         2.        0.0
      OSSO-4         236        -3.        21.        0.0        -3.        21.        0.0
      OSSO-4         237        26.        24.        0.0        26.        24.        0.0
      OSSO-4         238  -363.E-03        15.        0.0  -359.E-03        15.        0.0
      OSSO-4         239       -16.         6.        0.0       -16.         6.        0.0
      OSSO-4         240   667.E-03        44.        0.0   673.E-03        44.        0.0
      OSSO-4         241        32.        23.        0.0        32.        23.        0.0


  Part Instance     Node ID  Attached elements  U, Magnitude
-------------------------------------------------------------
    ASSEMBLY           1          1     6.E-03
    ASSEMBLY           2          2     6.E-03
    ASSEMBLY           3          3     6.E-03
    ASSEMBLY           3          4     6.E-03
      OSSO-4           1          2        0.0
      OSSO-4           2         23        0.0
      OSSO-4           3         22     3.E-03
      OSSO-4           3         38     3.E-03
      OSSO-4           4         52     4.E-03
      OSSO-4           4         58     4.E-03
      OSSO-4           5         37     5.E-03
      OSSO-4           5         52     5.E-03
      OSSO-4           5         67     5.E-03
      OSSO-4           6         40     5.E-03
      OSSO-4           6         67     5.E-03
      OSSO-4           7         21     6.E-03
      OSSO-4           7         40     6.E-03
      OSSO-4           8         19     6.E-03
      OSSO-4           8         21     6.E-03
      OSSO-4           9         11     6.E-03
      OSSO-4           9         19     6.E-03
      OSSO-4          10         10     6.E-03
      OSSO-4          10         11     6.E-03
      OSSO-4          11         10     5.E-03
      OSSO-4          11         65     5.E-03
      OSSO-4          12         31     5.E-03
      OSSO-4          12         65     5.E-03
      OSSO-4          13         13     6.E-03
      OSSO-4          13         31     6.E-03
      OSSO-4          14         13     5.E-03
      OSSO-4          14         14     5.E-03
      OSSO-4          15         14     5.E-03
      OSSO-4          15         47     5.E-03
      OSSO-4          16         29     4.E-03
      OSSO-4          16         47     4.E-03
      OSSO-4          17         29     4.E-03
      OSSO-4          17         64     4.E-03
      OSSO-4          18         17     4.E-03
      OSSO-4          18         64     4.E-03
      OSSO-4          19          8     3.E-03
      OSSO-4          19         17     3.E-03
      OSSO-4          19         18     3.E-03
      OSSO-4          20          7     3.E-03
      OSSO-4          20          8     3.E-03
      OSSO-4          21          7     3.E-03
      OSSO-4          21         26     3.E-03
      OSSO-4          22          6     3.E-03
      OSSO-4          22         26     3.E-03
      OSSO-4          23          4     2.E-03
      OSSO-4          23          6     2.E-03
      OSSO-4          24          4     1.E-03
      OSSO-4          24         28     1.E-03
      OSSO-4          25          1        0.0
      OSSO-4          25          2        0.0
      OSSO-4          26          1        0.0
      OSSO-4          26         23        0.0
      OSSO-4          27         23   951.E-06
      OSSO-4          27         46   951.E-06
      OSSO-4          28         22     2.E-03
      OSSO-4          28         46     2.E-03
      OSSO-4          29         38     3.E-03
      OSSO-4          29         58     3.E-03
      OSSO-4          30          2   554.E-06
      OSSO-4          30         28   554.E-06
      OSSO-4          31          5     3.E-03
      OSSO-4          31          7     3.E-03
      OSSO-4          31          8     3.E-03
      OSSO-4          31         15     3.E-03
      OSSO-4          32          3     3.E-03
      OSSO-4          32          6     3.E-03
      OSSO-4          32         26     3.E-03
      OSSO-4          32         50     3.E-03
      OSSO-4          33          8     4.E-03
      OSSO-4          33         15     4.E-03
      OSSO-4          33         18     4.E-03
      OSSO-4          33         45     4.E-03
      OSSO-4          34         13     5.E-03
      OSSO-4          34         30     5.E-03
      OSSO-4          34         31     5.E-03
      OSSO-4          34         49     5.E-03
      OSSO-4          35         16     4.E-03
      OSSO-4          35         17     4.E-03
      OSSO-4          35         18     4.E-03
      OSSO-4          35         48     4.E-03
      OSSO-4          36          5     3.E-03
      OSSO-4          36         12     3.E-03
      OSSO-4          36         15     3.E-03
      OSSO-4          37          3     3.E-03
      OSSO-4          37          5     3.E-03
      OSSO-4          37         12     3.E-03
      OSSO-4          37         33     3.E-03
      OSSO-4          38         11     5.E-03
      OSSO-4          38         19     5.E-03
      OSSO-4          38         35     5.E-03
      OSSO-4          38         66     5.E-03
      OSSO-4          39         19     5.E-03
      OSSO-4          39         20     5.E-03
      OSSO-4          39         21     5.E-03
      OSSO-4          39         35     5.E-03
      OSSO-4          40          9     4.E-03
      OSSO-4          40         25     4.E-03
      OSSO-4          40         33     4.E-03
      OSSO-4          40         34     4.E-03
      OSSO-4          41          3     3.E-03
      OSSO-4          41         25     3.E-03
      OSSO-4          41         33     3.E-03
      OSSO-4          41         50     3.E-03
      OSSO-4          42         20     5.E-03
      OSSO-4          42         21     5.E-03
      OSSO-4          42         39     5.E-03
      OSSO-4          42         40     5.E-03
      OSSO-4          43         20     5.E-03
      OSSO-4          43         39     5.E-03
      OSSO-4          43         70     5.E-03
      OSSO-4          44         35     5.E-03
      OSSO-4          44         41     5.E-03
      OSSO-4          44         54     5.E-03
      OSSO-4          44         66     5.E-03
      OSSO-4          45          9     4.E-03
      OSSO-4          45         12     4.E-03
      OSSO-4          45         33     4.E-03
      OSSO-4          45         69     4.E-03
      OSSO-4          46         20     5.E-03
      OSSO-4          46         35     5.E-03
      OSSO-4          46         54     5.E-03
      OSSO-4          46         70     5.E-03
      OSSO-4          47         12     4.E-03
      OSSO-4          47         15     4.E-03
      OSSO-4          47         45     4.E-03
      OSSO-4          47         69     4.E-03
      OSSO-4          48          1   423.E-06
      OSSO-4          48          2   423.E-06
      OSSO-4          48         28   423.E-06
      OSSO-4          48         51   423.E-06
      OSSO-4          49         29     4.E-03
      OSSO-4          49         32     4.E-03
      OSSO-4          49         43     4.E-03
      OSSO-4          49         47     4.E-03
      OSSO-4          50         14     4.E-03
      OSSO-4          50         43     4.E-03
      OSSO-4          50         47     4.E-03
      OSSO-4          50         60     4.E-03
      OSSO-4          51         22     2.E-03
      OSSO-4          51         24     2.E-03
      OSSO-4          51         38     2.E-03
      OSSO-4          51         59     2.E-03
      OSSO-4          52         22     1.E-03
      OSSO-4          52         24     1.E-03
      OSSO-4          52         46     1.E-03
      OSSO-4          52         51     1.E-03
      OSSO-4          53         45     4.E-03
      OSSO-4          53         53     4.E-03
      OSSO-4          53         68     4.E-03
      OSSO-4          53         69     4.E-03
      OSSO-4          54          9     4.E-03
      OSSO-4          54         34     4.E-03
      OSSO-4          54         53     4.E-03
      OSSO-4          54         62     4.E-03
      OSSO-4          55         27     5.E-03
      OSSO-4          55         30     5.E-03
      OSSO-4          55         41     5.E-03
      OSSO-4          55         54     5.E-03
      OSSO-4          56         25     3.E-03
      OSSO-4          56         50     3.E-03
      OSSO-4          56         55     3.E-03
      OSSO-4          56         59     3.E-03
      OSSO-4          57         25     4.E-03
      OSSO-4          57         34     4.E-03
      OSSO-4          57         55     4.E-03
      OSSO-4          57         56     4.E-03
      OSSO-4          58         34     4.E-03
      OSSO-4          58         56     4.E-03
      OSSO-4          58         57     4.E-03
      OSSO-4          58         62     4.E-03
      OSSO-4          59         16     4.E-03
      OSSO-4          59         42     4.E-03
      OSSO-4          59         48     4.E-03
      OSSO-4          60         52     4.E-03
      OSSO-4          60         55     4.E-03
      OSSO-4          60         56     4.E-03
      OSSO-4          60         58     4.E-03
      OSSO-4          61          4     2.E-03
      OSSO-4          61          6     2.E-03
      OSSO-4          61         24     2.E-03
      OSSO-4          61         50     2.E-03
      OSSO-4          61         59     2.E-03
      OSSO-4          62         27     5.E-03
      OSSO-4          62         30     5.E-03
      OSSO-4          62         49     5.E-03
      OSSO-4          63         36     5.E-03
      OSSO-4          63         39     5.E-03
      OSSO-4          63         61     5.E-03
      OSSO-4          63         70     5.E-03
      OSSO-4          64         27     5.E-03
      OSSO-4          64         36     5.E-03
      OSSO-4          64         44     5.E-03
      OSSO-4          64         54     5.E-03
      OSSO-4          64         70     5.E-03
      OSSO-4          65         13     5.E-03
      OSSO-4          65         14     5.E-03
      OSSO-4          65         49     5.E-03
      OSSO-4          65         60     5.E-03
      OSSO-4          66         42     4.E-03
      OSSO-4          66         43     4.E-03
      OSSO-4          66         60     4.E-03
      OSSO-4          66         63     4.E-03
      OSSO-4          67         36     5.E-03
      OSSO-4          67         44     5.E-03
      OSSO-4          67         57     5.E-03
      OSSO-4          67         62     5.E-03
      OSSO-4          68          4     1.E-03
      OSSO-4          68         24     1.E-03
      OSSO-4          68         28     1.E-03
      OSSO-4          68         51     1.E-03
      OSSO-4          69         44     4.E-03
      OSSO-4          69         53     4.E-03
      OSSO-4          69         62     4.E-03
      OSSO-4          69         63     4.E-03
      OSSO-4          69         68     4.E-03
      OSSO-4          70         36     5.E-03
      OSSO-4          70         37     5.E-03
      OSSO-4          70         57     5.E-03
      OSSO-4          70         61     5.E-03
      OSSO-4          71         27     5.E-03
      OSSO-4          71         44     5.E-03
      OSSO-4          71         49     5.E-03
      OSSO-4          71         60     5.E-03
      OSSO-4          71         63     5.E-03
      OSSO-4          72         37     4.E-03
      OSSO-4          72         52     4.E-03
      OSSO-4          72         56     4.E-03
      OSSO-4          72         57     4.E-03
      OSSO-4          73          1   559.E-06
      OSSO-4          73         23   559.E-06
      OSSO-4          73         46   559.E-06
      OSSO-4          73         51   559.E-06
      OSSO-4          74          3     3.E-03
      OSSO-4          74          5     3.E-03
      OSSO-4          74          7     3.E-03
      OSSO-4          74         26     3.E-03
      OSSO-4          75         38     3.E-03
      OSSO-4          75         55     3.E-03
      OSSO-4          75         58     3.E-03
      OSSO-4          75         59     3.E-03
      OSSO-4          76         18     4.E-03
      OSSO-4          76         45     4.E-03
      OSSO-4          76         48     4.E-03
      OSSO-4          76         68     4.E-03
      OSSO-4          77         16     4.E-03
      OSSO-4          77         17     4.E-03
      OSSO-4          77         32     4.E-03
      OSSO-4          77         64     4.E-03
      OSSO-4          78         29     4.E-03
      OSSO-4          78         32     4.E-03
      OSSO-4          78         64     4.E-03
      OSSO-4          79         30     5.E-03
      OSSO-4          79         31     5.E-03
      OSSO-4          79         41     5.E-03
      OSSO-4          79         65     5.E-03
      OSSO-4          80         10     5.E-03
      OSSO-4          80         41     5.E-03
      OSSO-4          80         65     5.E-03
      OSSO-4          80         66     5.E-03
      OSSO-4          81         10     5.E-03
      OSSO-4          81         11     5.E-03
      OSSO-4          81         66     5.E-03
      OSSO-4          82         39     5.E-03
      OSSO-4          82         40     5.E-03
      OSSO-4          82         61     5.E-03
      OSSO-4          82         67     5.E-03
      OSSO-4          83         37     5.E-03
      OSSO-4          83         61     5.E-03
      OSSO-4          83         67     5.E-03
      OSSO-4          84         16     4.E-03
      OSSO-4          84         32     4.E-03
      OSSO-4          84         42     4.E-03
      OSSO-4          84         43     4.E-03
      OSSO-4          85         42     4.E-03
      OSSO-4          85         48     4.E-03
      OSSO-4          85         63     4.E-03
      OSSO-4          85         68     4.E-03
      OSSO-4          86          9     4.E-03
      OSSO-4          86         53     4.E-03
      OSSO-4          86         69     4.E-03
      OSSO-4          87          1   218.E-06
      OSSO-4          87         23   218.E-06
      OSSO-4          88          1   464.E-06
      OSSO-4          88         51   464.E-06
      OSSO-4          89          1   153.E-06
      OSSO-4          89          2   153.E-06
      OSSO-4          90          1        0.0
      OSSO-4          91          2   426.E-06
      OSSO-4          91         28   426.E-06
      OSSO-4          92          2   271.E-06
      OSSO-4          93          2        0.0
      OSSO-4          94          3     3.E-03
      OSSO-4          94         26     3.E-03
      OSSO-4          95          3     3.E-03
      OSSO-4          95         50     3.E-03
      OSSO-4          96          3     3.E-03
      OSSO-4          96         33     3.E-03
      OSSO-4          97          3     3.E-03
      OSSO-4          97          5     3.E-03
      OSSO-4          98          4     1.E-03
      OSSO-4          98         28     1.E-03
      OSSO-4          99          4     2.E-03
      OSSO-4          99         24     2.E-03
      OSSO-4         100          4     2.E-03
      OSSO-4         100          6     2.E-03
      OSSO-4         101          4     2.E-03
      OSSO-4         102          5     3.E-03
      OSSO-4         102         12     3.E-03
      OSSO-4         103          5     3.E-03
      OSSO-4         103         15     3.E-03
      OSSO-4         104          5     3.E-03
      OSSO-4         104          7     3.E-03
      OSSO-4         105          6     3.E-03
      OSSO-4         105         26     3.E-03
      OSSO-4         106          6     2.E-03
      OSSO-4         107          6     3.E-03
      OSSO-4         107         50     3.E-03
      OSSO-4         108          7     3.E-03
      OSSO-4         108          8     3.E-03
      OSSO-4         109          7     3.E-03
      OSSO-4         110          7     3.E-03
      OSSO-4         110         26     3.E-03
      OSSO-4         111          8     3.E-03
      OSSO-4         111         15     3.E-03
      OSSO-4         112          8     3.E-03
      OSSO-4         112         18     3.E-03
      OSSO-4         113          8     3.E-03
      OSSO-4         114          9     4.E-03
      OSSO-4         114         33     4.E-03
      OSSO-4         115          9     4.E-03
      OSSO-4         115         34     4.E-03
      OSSO-4         116          9     4.E-03
      OSSO-4         116         53     4.E-03
      OSSO-4         117          9     4.E-03
      OSSO-4         117         69     4.E-03
      OSSO-4         118         10     5.E-03
      OSSO-4         118         65     5.E-03
      OSSO-4         119         10     5.E-03
      OSSO-4         119         66     5.E-03
      OSSO-4         120         10     5.E-03
      OSSO-4         120         11     5.E-03
      OSSO-4         121         10     5.E-03
      OSSO-4         122         11     5.E-03
      OSSO-4         122         66     5.E-03
      OSSO-4         123         11     5.E-03
      OSSO-4         123         19     5.E-03
      OSSO-4         124         11     6.E-03
      OSSO-4         125         12     3.E-03
      OSSO-4         125         33     3.E-03
      OSSO-4         126         12     4.E-03
      OSSO-4         126         69     4.E-03
      OSSO-4         127         12     4.E-03
      OSSO-4         127         15     4.E-03
      OSSO-4         128         13     5.E-03
      OSSO-4         129         13     5.E-03
      OSSO-4         129         14     5.E-03
      OSSO-4         130         13     5.E-03
      OSSO-4         130         49     5.E-03
      OSSO-4         131         13     5.E-03
      OSSO-4         131         31     5.E-03
      OSSO-4         132         14     4.E-03
      OSSO-4         132         47     4.E-03
      OSSO-4         133         14     5.E-03
      OSSO-4         133         60     5.E-03
      OSSO-4         134         14     5.E-03
      OSSO-4         135         15     4.E-03
      OSSO-4         135         45     4.E-03
      OSSO-4         136         16     4.E-03
      OSSO-4         136         32     4.E-03
      OSSO-4         137         16     4.E-03
      OSSO-4         137         17     4.E-03
      OSSO-4         138         16     4.E-03
      OSSO-4         138         48     4.E-03
      OSSO-4         139         16     4.E-03
      OSSO-4         139         42     4.E-03
      OSSO-4         140         17     3.E-03
      OSSO-4         141         17     4.E-03
      OSSO-4         141         18     4.E-03
      OSSO-4         142         17     4.E-03
      OSSO-4         142         64     4.E-03
      OSSO-4         143         18     4.E-03
      OSSO-4         143         45     4.E-03
      OSSO-4         144         18     4.E-03
      OSSO-4         144         48     4.E-03
      OSSO-4         145         19     5.E-03
      OSSO-4         145         35     5.E-03
      OSSO-4         146         19     5.E-03
      OSSO-4         146         21     5.E-03
      OSSO-4         147         19     6.E-03
      OSSO-4         148         20     5.E-03
      OSSO-4         148         39     5.E-03
      OSSO-4         149         20     5.E-03
      OSSO-4         149         21     5.E-03
      OSSO-4         150         20     5.E-03
      OSSO-4         150         35     5.E-03
      OSSO-4         151         20     5.E-03
      OSSO-4         151         70     5.E-03
      OSSO-4         152         21     5.E-03
      OSSO-4         152         40     5.E-03
      OSSO-4         153         21     6.E-03
      OSSO-4         154         22     2.E-03
      OSSO-4         154         46     2.E-03
      OSSO-4         155         22     2.E-03
      OSSO-4         156         22     2.E-03
      OSSO-4         156         38     2.E-03
      OSSO-4         157         22     2.E-03
      OSSO-4         157         24     2.E-03
      OSSO-4         158         23   498.E-06
      OSSO-4         159         23   683.E-06
      OSSO-4         159         46   683.E-06
      OSSO-4         160         23        0.0
      OSSO-4         161         24     2.E-03
      OSSO-4         161         59     2.E-03
      OSSO-4         162         24     1.E-03
      OSSO-4         162         51     1.E-03
      OSSO-4         163         25     3.E-03
      OSSO-4         163         50     3.E-03
      OSSO-4         164         25     3.E-03
      OSSO-4         164         55     3.E-03
      OSSO-4         165         25     4.E-03
      OSSO-4         165         34     4.E-03
      OSSO-4         166         25     3.E-03
      OSSO-4         166         33     3.E-03
      OSSO-4         167         26     3.E-03
      OSSO-4         168         27     5.E-03
      OSSO-4         168         49     5.E-03
      OSSO-4         169         27     5.E-03
      OSSO-4         169         44     5.E-03
      OSSO-4         170         27     5.E-03
      OSSO-4         170         54     5.E-03
      OSSO-4         171         27     5.E-03
      OSSO-4         171         30     5.E-03
      OSSO-4         172         28   782.E-06
      OSSO-4         172         51   782.E-06
      OSSO-4         173         28   856.E-06
      OSSO-4         174         29     4.E-03
      OSSO-4         175         29     4.E-03
      OSSO-4         175         64     4.E-03
      OSSO-4         176         29     4.E-03
      OSSO-4         176         32     4.E-03
      OSSO-4         177         29     4.E-03
      OSSO-4         177         47     4.E-03
      OSSO-4         178         30     5.E-03
      OSSO-4         178         31     5.E-03
      OSSO-4         179         30     5.E-03
      OSSO-4         179         49     5.E-03
      OSSO-4         180         30     5.E-03
      OSSO-4         180         41     5.E-03
      OSSO-4         181         31     6.E-03
      OSSO-4         182         31     5.E-03
      OSSO-4         182         65     5.E-03
      OSSO-4         183         32     4.E-03
      OSSO-4         183         64     4.E-03
      OSSO-4         184         32     4.E-03
      OSSO-4         184         43     4.E-03
      OSSO-4         185         34     4.E-03
      OSSO-4         185         56     4.E-03
      OSSO-4         186         34     4.E-03
      OSSO-4         186         62     4.E-03
      OSSO-4         187         35     5.E-03
      OSSO-4         187         66     5.E-03
      OSSO-4         188         35     5.E-03
      OSSO-4         188         54     5.E-03
      OSSO-4         189         36     5.E-03
      OSSO-4         189         70     5.E-03
      OSSO-4         190         36     5.E-03
      OSSO-4         190         44     5.E-03
      OSSO-4         191         36     5.E-03
      OSSO-4         191         57     5.E-03
      OSSO-4         192         36     5.E-03
      OSSO-4         192         61     5.E-03
      OSSO-4         193         37     5.E-03
      OSSO-4         193         61     5.E-03
      OSSO-4         194         37     5.E-03
      OSSO-4         194         57     5.E-03
      OSSO-4         195         37     5.E-03
      OSSO-4         195         52     5.E-03
      OSSO-4         196         37     5.E-03
      OSSO-4         196         67     5.E-03
      OSSO-4         197         38     3.E-03
      OSSO-4         198         38     3.E-03
      OSSO-4         198         58     3.E-03
      OSSO-4         199         38     3.E-03
      OSSO-4         199         59     3.E-03
      OSSO-4         200         39     5.E-03
      OSSO-4         200         70     5.E-03
      OSSO-4         201         39     5.E-03
      OSSO-4         201         61     5.E-03
      OSSO-4         202         39     5.E-03
      OSSO-4         202         40     5.E-03
      OSSO-4         203         40     5.E-03
      OSSO-4         204         40     5.E-03
      OSSO-4         204         67     5.E-03
      OSSO-4         205         41     5.E-03
      OSSO-4         205         65     5.E-03
      OSSO-4         206         41     5.E-03
      OSSO-4         206         54     5.E-03
      OSSO-4         207         41     5.E-03
      OSSO-4         207         66     5.E-03
      OSSO-4         208         42     4.E-03
      OSSO-4         208         48     4.E-03
      OSSO-4         209         42     4.E-03
      OSSO-4         209         63     4.E-03
      OSSO-4         210         42     4.E-03
      OSSO-4         210         43     4.E-03
      OSSO-4         211         43     4.E-03
      OSSO-4         211         60     4.E-03
      OSSO-4         212         43     4.E-03
      OSSO-4         212         47     4.E-03
      OSSO-4         213         44     4.E-03
      OSSO-4         213         63     4.E-03
      OSSO-4         214         44     4.E-03
      OSSO-4         214         62     4.E-03
      OSSO-4         215         45     4.E-03
      OSSO-4         215         69     4.E-03
      OSSO-4         216         45     4.E-03
      OSSO-4         216         68     4.E-03
      OSSO-4         217         46   940.E-06
      OSSO-4         217         51   940.E-06
      OSSO-4         218         46     1.E-03
      OSSO-4         219         47     4.E-03
      OSSO-4         220         48     4.E-03
      OSSO-4         220         68     4.E-03
      OSSO-4         221         49     5.E-03
      OSSO-4         221         60     5.E-03
      OSSO-4         222         50     3.E-03
      OSSO-4         222         59     3.E-03
      OSSO-4         223         52     4.E-03
      OSSO-4         223         56     4.E-03
      OSSO-4         224         52     4.E-03
      OSSO-4         224         58     4.E-03
      OSSO-4         225         52     4.E-03
      OSSO-4         226         53     4.E-03
      OSSO-4         226         69     4.E-03
      OSSO-4         227         53     4.E-03
      OSSO-4         227         62     4.E-03
      OSSO-4         228         53     4.E-03
      OSSO-4         228         68     4.E-03
      OSSO-4         229         54     5.E-03
      OSSO-4         229         70     5.E-03
      OSSO-4         230         55     4.E-03
      OSSO-4         230         58     4.E-03
      OSSO-4         231         55     4.E-03
      OSSO-4         231         56     4.E-03
      OSSO-4         232         55     3.E-03
      OSSO-4         232         59     3.E-03
      OSSO-4         233         56     4.E-03
      OSSO-4         233         57     4.E-03
      OSSO-4         234         57     4.E-03
      OSSO-4         234         62     4.E-03
      OSSO-4         235         58     4.E-03
      OSSO-4         236         60     4.E-03
      OSSO-4         236         63     4.E-03
      OSSO-4         237         61     5.E-03
      OSSO-4         237         67     5.E-03
      OSSO-4         238         63     4.E-03
      OSSO-4         238         68     4.E-03
      OSSO-4         239         64     4.E-03
      OSSO-4         240         65     5.E-03
      OSSO-4         241         67     5.E-03


