********************************************************************************
Probe Values Report, written on Wed Oct 23 17:07:03 2024

Source
-------

   ODB: C:/temp/quad-quad-025.odb
   Step: step-1
   Frame: Increment      1: Step Time =    1.000
   Variable: U, Magnitude

Probe values reported at nodes

  Part Instance     Node ID                     Orig. Coords                                       Def. Coords                   
                                    X                Y                Z                X                Y                Z       
-------------------------------------------------------------------------------------------------------------------------------
      OSSO-4         103          25.2539         -15.0587               0.          25.2559         -15.0603               0.
      OSSO-4         136          28.9005          7.19905               0.          28.9044          7.19728               0.
      OSSO-4         230          14.2395          43.8071               0.          14.2449           43.806               0.
      OSSO-4         403         -3.61857         -24.8145               0.         -3.61748          -24.814               0.


  Part Instance    Node ID   Attached elements     U, Magnitude
----------------------------------------------------------------
      OSSO-4         103             1278      2.58612E-03
      OSSO-4         103             1327      2.58612E-03
      OSSO-4         136             1119      4.21903E-03
      OSSO-4         136            20920      4.21903E-03
      OSSO-4         230             1962      5.55965E-03
      OSSO-4         230             2094      5.55965E-03
      OSSO-4         403             4512      1.20669E-03
      OSSO-4         403            21183      1.20669E-03


