********************************************************************************
Probe Values Report, written on Wed Oct 23 15:51:14 2024

Source
-------

   ODB: C:/temp/quad-lin-5.odb
   Step: step-1
   Frame: Increment      1: Step Time =    1.000
   Variable: U, Magnitude

Probe values reported at nodes

  Part Instance     Node ID                     Orig. Coords                                       Def. Coords                   
                                    X                Y                Z                X                Y                Z       
-------------------------------------------------------------------------------------------------------------------------------
      OSSO-4           3          25.2539         -15.0587               0.           25.256         -15.0603               0.
      OSSO-4           4          28.9005          7.19905               0.          28.9044          7.19728               0.
      OSSO-4          11          14.2395          43.8071               0.          14.2451           43.806               0.
      OSSO-4          31         -3.61857         -24.8145               0.         -3.61749          -24.814               0.


  Part Instance     Node ID  Attached elements     U, Magnitude
----------------------------------------------------------------
      OSSO-4           3               34      2.61524E-03
      OSSO-4           3               97      2.61524E-03
      OSSO-4           4               65      4.28102E-03
      OSSO-4           4               77      4.28102E-03
      OSSO-4          11               10      5.67077E-03
      OSSO-4          11               40      5.67077E-03
      OSSO-4          31               73      1.19981E-03
      OSSO-4          31               87      1.19981E-03


