********************************************************************************
Probe Values Report, written on Wed Oct 23 16:50:57 2024

Source
-------

   ODB: C:/temp/tri-quad-05.odb
   Step: step-1
   Frame: Increment      1: Step Time =    1.000
   Variable: U, Magnitude

Probe values reported at nodes

  Part Instance     Node ID                     Orig. Coords                                       Def. Coords                   
                                    X                Y                Z                X                Y                Z       
-------------------------------------------------------------------------------------------------------------------------------
      OSSO-4          51          25.2539         -15.0587               0.          25.2559         -15.0603               0.
      OSSO-4          67          28.9005          7.19905               0.          28.9044          7.19728               0.
      OSSO-4         114          14.2395          43.8071               0.          14.2449           43.806               0.
      OSSO-4         210         -3.61857         -24.8145               0.         -3.61748          -24.814               0.


  Part Instance     Node ID  Attached elements     U, Magnitude
----------------------------------------------------------------
      OSSO-4          51              561      2.58583E-03
      OSSO-4          51             5991      2.58583E-03
      OSSO-4          67             6015      4.21865E-03
      OSSO-4          67             7349      4.21865E-03
      OSSO-4          67             7350      4.21865E-03
      OSSO-4         114             6059      5.55922E-03
      OSSO-4         114             6370      5.55922E-03
      OSSO-4         114             6462      5.55922E-03
      OSSO-4         210             1316       1.2065E-03
      OSSO-4         210             6143       1.2065E-03
      OSSO-4         210             6180       1.2065E-03


