********************************************************************************
Probe Values Report, written on Wed Oct 23 16:35:17 2024

Source
-------

   ODB: C:/temp/tri-lin-1.odb
   Step: step-1
   Frame: Increment      1: Step Time =    1.000
   Variable: U, Magnitude

Probe values reported at nodes

  Part Instance     Node ID                     Orig. Coords                                       Def. Coords                   
                                    X                Y                Z                X                Y                Z       
-------------------------------------------------------------------------------------------------------------------------------
      OSSO-4          25          25.2539         -15.0587               0.          25.2559         -15.0602               0.
      OSSO-4          33          28.9005          7.19905               0.          28.9044          7.19728               0.
      OSSO-4          58          14.2395          43.8071               0.          14.2449           43.806               0.
      OSSO-4         100         -3.61857         -24.8145               0.         -3.61749          -24.814               0.


  Part Instance     Node ID  Attached elements     U, Magnitude
----------------------------------------------------------------
      OSSO-4          25             1567       2.5723E-03
      OSSO-4          25             1696       2.5723E-03
      OSSO-4          25             1741       2.5723E-03
      OSSO-4          33             1198      4.19892E-03
      OSSO-4          33             1579      4.19892E-03
      OSSO-4          33             1865      4.19892E-03
      OSSO-4          58              250      5.53283E-03
      OSSO-4          58             1998      5.53283E-03
      OSSO-4          58             2019      5.53283E-03
      OSSO-4         100             1645      1.19764E-03
      OSSO-4         100             1708      1.19764E-03
      OSSO-4         100             1909      1.19764E-03


