********************************************************************************
Probe Values Report, written on Wed Oct 23 16:27:10 2024

Source
-------

   ODB: C:/temp/tri-quad-2.odb
   Step: step-1
   Frame: Increment      1: Step Time =    1.000
   Variable: U, Magnitude

Probe values reported at nodes

  Part Instance     Node ID                     Orig. Coords                                       Def. Coords                   
                                    X                Y                Z                X                Y                Z       
-------------------------------------------------------------------------------------------------------------------------------
      OSSO-4          13          25.2539         -15.0587               0.          25.2559         -15.0603               0.
      OSSO-4          17          28.9005          7.19905               0.          28.9044          7.19728               0.
      OSSO-4          30          14.2395          43.8071               0.          14.2449           43.806               0.
      OSSO-4          54         -3.61857         -24.8145               0.         -3.61748          -24.814               0.


  Part Instance     Node ID  Attached elements     U, Magnitude
----------------------------------------------------------------
      OSSO-4          13               67      2.58284E-03
      OSSO-4          13              428      2.58284E-03
      OSSO-4          13              623      2.58284E-03
      OSSO-4          17              433      4.21451E-03
      OSSO-4          17              543      4.21451E-03
      OSSO-4          17              630      4.21451E-03
      OSSO-4          30              440      5.55392E-03
      OSSO-4          30              618      5.55392E-03
      OSSO-4          30              635      5.55392E-03
      OSSO-4          54              228      1.20443E-03
      OSSO-4          54              496      1.20443E-03
      OSSO-4          54              499      1.20443E-03


