********************************************************************************
Probe Values Report, written on Wed Oct 23 15:47:20 2024

Source
-------

   ODB: C:/temp/tri-quad-10.odb
   Step: step-1
   Frame: Increment      1: Step Time =    1.000
   Variable: U, Magnitude

Probe values reported at nodes

  Part Instance     Node ID                     Orig. Coords                                       Def. Coords                   
                                    X                Y                Z                X                Y                Z       
-------------------------------------------------------------------------------------------------------------------------------
      OSSO-4           3          25.2539         -15.0587               0.          25.2559         -15.0602               0.
      OSSO-4           4          28.9005          7.19905               0.          28.9043           7.1973               0.
      OSSO-4          10          14.2395          43.8071               0.          14.2448           43.806               0.
      OSSO-4          24         -3.61857         -24.8145               0.          -3.6175          -24.814               0.


  Part Instance     Node ID  Attached elements     U, Magnitude
----------------------------------------------------------------
      OSSO-4           3               26      2.54493E-03
      OSSO-4           3               83      2.54493E-03
      OSSO-4           3               95      2.54493E-03
      OSSO-4           4               63       4.1572E-03
      OSSO-4           4               77       4.1572E-03
      OSSO-4           4              117       4.1572E-03
      OSSO-4           4              122       4.1572E-03
      OSSO-4          10               10      5.46603E-03
      OSSO-4          10               44      5.46603E-03
      OSSO-4          10               55      5.46603E-03
      OSSO-4          24                4      1.17846E-03
      OSSO-4          24               65      1.17846E-03
      OSSO-4          24               72      1.17846E-03
      OSSO-4          24               76      1.17846E-03


