********************************************************************************
Probe Values Report, written on Wed Oct 23 15:44:40 2024

Source
-------

   ODB: C:/temp/tri-lin-10.odb
   Step: step-1
   Frame: Increment      1: Step Time =    1.000
   Variable: U, Magnitude

Probe values reported at nodes

  Part Instance     Node ID                     Orig. Coords                                       Def. Coords                   
                                    X                Y                Z                X                Y                Z       
-------------------------------------------------------------------------------------------------------------------------------
      OSSO-4           3          25.2539         -15.0587               0.          25.2555         -15.0599               0.
      OSSO-4           4          28.9005          7.19905               0.          28.9035          7.19762               0.
      OSSO-4          10          14.2395          43.8071               0.          14.2434          43.8061               0.
      OSSO-4          24         -3.61857         -24.8145               0.         -3.61777         -24.8142               0.


  Part Instance     Node ID  Attached elements     U, Magnitude
----------------------------------------------------------------
      OSSO-4           3               26      2.00621E-03
      OSSO-4           3               83      2.00621E-03
      OSSO-4           3               95      2.00621E-03
      OSSO-4           4               63      3.27231E-03
      OSSO-4           4               77      3.27231E-03
      OSSO-4           4              117      3.27231E-03
      OSSO-4           4              122      3.27231E-03
      OSSO-4          10               10      4.07499E-03
      OSSO-4          10               44      4.07499E-03
      OSSO-4          10               55      4.07499E-03
      OSSO-4          24                4      850.855E-06
      OSSO-4          24               65      850.855E-06
      OSSO-4          24               72      850.855E-06
      OSSO-4          24               76      850.855E-06


