********************************************************************************
Probe Values Report, written on Wed Oct 23 15:56:31 2024

Source
-------

   ODB: C:/temp/tri-lin-5.odb
   Step: step-1
   Frame: Increment      1: Step Time =    1.000
   Variable: U, Magnitude

Probe values reported at nodes

  Part Instance     Node ID                     Orig. Coords                                       Def. Coords                   
                                    X                Y                Z                X                Y                Z       
-------------------------------------------------------------------------------------------------------------------------------
      OSSO-4           3          25.2539         -15.0587               0.          25.2558         -15.0602               0.
      OSSO-4           4          28.9005          7.19905               0.          28.9041          7.19738               0.
      OSSO-4          11          14.2395          43.8071               0.          14.2445           43.806               0.
      OSSO-4          31         -3.61857         -24.8145               0.         -3.61759         -24.8141               0.


  Part Instance     Node ID  Attached elements     U, Magnitude
----------------------------------------------------------------
      OSSO-4           3               38      2.38706E-03
      OSSO-4           3              130      2.38706E-03
      OSSO-4           3              149      2.38706E-03
      OSSO-4           4               97      3.90479E-03
      OSSO-4           4              136      3.90479E-03
      OSSO-4           4              138      3.90479E-03
      OSSO-4          11               11      5.08116E-03
      OSSO-4          11              147      5.08116E-03
      OSSO-4          11              278      5.08116E-03
      OSSO-4          31              125       1.0731E-03
      OSSO-4          31              244       1.0731E-03
      OSSO-4          31              416       1.0731E-03


