********************************************************************************
Probe Values Report, written on Wed Oct 23 13:08:27 2024

Source
-------

   ODB: C:/temp/quad10.odb
   Step: step-1
   Frame: Increment      1: Step Time =    1.000
   Variable: S, Mises (Avg: 75)

Probe values reported at nodes

  Part Instance     Node ID            Orig. Coords                     Def. Coords          
                                 X          Y          Z          X          Y          Z    
-------------------------------------------------------------------------------------------
      OSSO-4           3        25.       -15.        0.0        25.       -15.        0.0
      OSSO-4           4        29.         7.        0.0        29.         7.        0.0
      OSSO-4          10        14.        44.        0.0        14.        44.        0.0
      OSSO-4          24        -4.       -25.        0.0        -4.       -25.        0.0


  Part Instance     Node ID  Attached elements   S, Mises
----------------------------------------------------------
      OSSO-4           3         22   291.E-03
      OSSO-4           3         38   291.E-03
      OSSO-4           4         51   119.E-03
      OSSO-4           4         58   119.E-03
      OSSO-4          10         11   158.E-03
      OSSO-4          10         12   158.E-03
      OSSO-4          24          6   303.E-03
      OSSO-4          24         28   303.E-03


********************************************************************************
Probe Values Report, written on Wed Oct 23 13:08:39 2024

Source
-------

   ODB: C:/temp/quad10.odb
   Step: step-1
   Frame: Increment      1: Step Time =    1.000
   Variable: S, All direct (Average-compute)

Probe values reported at nodes

  Part Instance     Node ID            Orig. Coords                     Def. Coords          
                                 X          Y          Z          X          Y          Z    
-------------------------------------------------------------------------------------------
      OSSO-4           3        25.       -15.        0.0        25.       -15.        0.0
      OSSO-4           4        29.         7.        0.0        29.         7.        0.0
      OSSO-4          10        14.        44.        0.0        14.        44.        0.0
      OSSO-4          24        -4.       -25.        0.0        -4.       -25.        0.0


  Part Instance     Node ID  Attached elements     S, S11     S, S22     S, S33     S, S12
-------------------------------------------------------------------------------------------
      OSSO-4           3         22   463.E-06  -263.E-03        0.0    69.E-03
      OSSO-4           3         38   463.E-06  -263.E-03        0.0    69.E-03
      OSSO-4           4         51    11.E-03    78.E-03        0.0    51.E-03
      OSSO-4           4         58    11.E-03    78.E-03        0.0    51.E-03
      OSSO-4          10         11   109.E-03    13.E-03        0.0   -40.E-03
      OSSO-4          10         12   109.E-03    13.E-03        0.0   -40.E-03
      OSSO-4          24          6   -12.E-03   -19.E-03        0.0   148.E-03
      OSSO-4          24         28   -12.E-03   -19.E-03        0.0   148.E-03


