********************************************************************************
Probe Values Report, written on Fri Oct 25 12:30:32 2024

Source
-------

   ODB: C:/temp/osso-implante-base.odb
   Step: Step-1
   Frame: Increment      1: Step Time =    1.000
   Variable: U, Magnitude

Probe values reported at nodes

  Part Instance     Node ID            Orig. Coords                     Def. Coords          
                                 X          Y          Z          X          Y          Z    
-------------------------------------------------------------------------------------------
  IMPLANTE-2-COPY4-1        1300        10.        14.        0.0        10.        14.        0.0
  IMPLANTE-2-COPY4-1        2210        -3.        32.        0.0        -3.        32.        0.0
  OSSO-DIVIDED-CUT-1        1875        10.       -27.        0.0        10.       -27.        0.0


  Part Instance     Node ID  Attached elements  U, Magnitude
-------------------------------------------------------------
  IMPLANTE-2-COPY4-1        1300        221    26.E-03
  IMPLANTE-2-COPY4-1        1300        242    26.E-03
  IMPLANTE-2-COPY4-1        2210        665    31.E-03
  IMPLANTE-2-COPY4-1        2210        678    31.E-03
  OSSO-DIVIDED-CUT-1        1875        183     7.E-03
  OSSO-DIVIDED-CUT-1        1875        754     7.E-03


